// Jest Snapshot v1, https://goo.gl/fbAQLP

exports[`matches snapshot 1`] = `
<DocumentFragment>
  <form>
    <label
      for="color"
    >
      Background color:
    </label>
    <input
      id="color"
      name="color"
      placeholder="e.g. red"
      type="text"
      value=""
    />
    <br />
    <label
      for="width"
    >
      Width:
    </label>
    <input
      id="width"
      name="width"
      placeholder="e.g. 100px"
      type="text"
      value=""
    />
    <br />
    <label
      for="height"
    >
      Height:
    </label>
    <input
      id="height"
      name="height"
      placeholder="e.g. 100px"
      type="text"
      value=""
    />
    <br />
    <button
      class="button"
    >
      Add box
    </button>
  </form>
</DocumentFragment>
`;
